\BOOKMARK [0][-]{chapter.1}{tests/extensions/functional/tests package}{}% 1
\BOOKMARK [1][-]{section.1.1}{test\137display\137kiosk module}{chapter.1}% 2
\BOOKMARK [1][-]{section.1.2}{test\137general module}{chapter.1}% 3
\BOOKMARK [1][-]{section.1.3}{test\137google\137menu module}{chapter.1}% 4
\BOOKMARK [1][-]{section.1.4}{test\137platform module}{chapter.1}% 5
\BOOKMARK [1][-]{section.1.5}{test\137ros module}{chapter.1}% 6
\BOOKMARK [1][-]{section.1.6}{test\137runway module}{chapter.1}% 7
\BOOKMARK [1][-]{section.1.7}{test\137zoom module}{chapter.1}% 8
\BOOKMARK [0][-]{section*.34}{Python Module Index}{}% 9
\BOOKMARK [0][-]{section*.35}{Index}{}% 10
